// Jest Snapshot v1, https://goo.gl/fbAQLP

exports[`attributesFirstToSelect should work 1`] = `"FIRST(id) as id, FIRST(name) as name, FIRST(field) as field,"`;

exports[`attributesFirstToSelect should work 2`] = `""`;

exports[`attributesToArray should work 1`] = `", 'id', id, 'name', name, 'field', field"`;

exports[`attributesToArray should work 2`] = `""`;

exports[`attributesToSelect should work 1`] = `", id, name, field"`;

exports[`attributesToSelect should work 2`] = `""`;
