// Jest Snapshot v1, https://goo.gl/fbAQLP

exports[`defaultGetTileQuery should work 1`] = `
"
SELECT
  ST_AsMVTGeom(ST_Transform(geometry, 3857), TileBBox(0, 0, 0, 3857), 4096, 256, false) AS geom,
  jsonb_build_object(
    'count', size, 
    'expansionZoom', expansionZoom, 
    'lng', ST_X(ST_Transform(geometry, 4326)), 
    'lat', ST_Y(ST_Transform(geometry, 4326)), 'id', id, 'name', name
  ) AS attributes
FROM table
"
`;
